// Jest Snapshot v1, https://goo.gl/fbAQLP

exports[`should render properly 1`] = `
<DocumentFragment>
  <div
    class="chakra-spinner css-15ssz19"
  />
</DocumentFragment>
`;
