// Jest Snapshot v1, https://goo.gl/fbAQLP

exports[`should be render properly 1`] = `
<DocumentFragment>
  <span
    class="css-0"
  >
    child-element
  </span>
</DocumentFragment>
`;
