// Jest Snapshot v1, https://goo.gl/fbAQLP

exports[`should render properly 1`] = `
<DocumentFragment>
  <div
    class="chakra-accordion css-0"
  />
</DocumentFragment>
`;
