// Jest Snapshot v1, https://goo.gl/fbAQLP

exports[`should render properly 1`] = `
<DocumentFragment>
  <div
    class="css-1f1oimr"
  >
    New !
  </div>
</DocumentFragment>
`;
