// Jest Snapshot v1, https://goo.gl/fbAQLP

exports[`should render properly 1`] = `
<DocumentFragment>
  <span
    class="css-f8n5zr"
  />
</DocumentFragment>
`;
