// Jest Snapshot v1, https://goo.gl/fbAQLP

exports[`should render properly 1`] = `
<DocumentFragment>
  <button
    class="chakra-button css-0"
  />
</DocumentFragment>
`;
