// Jest Snapshot v1, https://goo.gl/fbAQLP

exports[`should render properly 1`] = `
<DocumentFragment>
  <button
    as="button"
    class="css-myeq6i"
    label="button"
  >
    Happy button
  </button>
</DocumentFragment>
`;
